2026-08-29 15:15:14.581: [INFO] CurrentProfilePath: C:\Users\ileab\Desktop\ile\Analisi_d\AnalisiDati\.metadata\.plugins\org.eclipse.swt\EBWebView\Default
2026-08-29 15:15:14.581: [INFO] Profiles total count: 1
2026-08-29 15:15:14.581: [INFO] Profile: name=Profilo 1 path=C:\Users\ileab\Desktop\ile\Analisi_d\AnalisiDati\.metadata\.plugins\org.eclipse.swt\EBWebView\Default lastActive=null
2026-08-29 15:15:14.581: [INFO] LastUsedProfileDir: C:\Users\ileab\Desktop\ile\Analisi_d\AnalisiDati\.metadata\.plugins\org.eclipse.swt\EBWebView\Default
2026-08-29 15:15:14.581: [INFO] OnDoneLoading sync enabled: 0
2026-08-29 15:15:14.581: [INFO] BookmarkModelLoaded, ids_reassigned: 0
2026-08-29 15:15:14.581: [INFO] BookmarksLoadDropped droppedNodes=0
2026-08-29 15:15:14.581: [INFO] BookmarksSnapshot Startup total=0 bar=0 other=0 mobile=0 showBar=0 showBarNTP=1
2026-08-29 15:15:23.862: [INFO] BookmarksSnapshot Shutdown total=0 bar=0 other=0 mobile=0 showBar=0 showBarNTP=1
2026-08-29 15:15:24.452: [INFO] CurrentProfilePath: C:\Users\ileab\Desktop\ile\Analisi_d\AnalisiDati\.metadata\.plugins\org.eclipse.swt\EBWebView\Default
2026-08-29 15:15:24.452: [INFO] Profiles total count: 1
2026-08-29 15:15:24.452: [INFO] Profile: name=Profilo 1 path=C:\Users\ileab\Desktop\ile\Analisi_d\AnalisiDati\.metadata\.plugins\org.eclipse.swt\EBWebView\Default lastActive=2026-08-29T15:15:14.883Z
2026-08-29 15:15:24.452: [INFO] LastUsedProfileDir: C:\Users\ileab\Desktop\ile\Analisi_d\AnalisiDati\.metadata\.plugins\org.eclipse.swt\EBWebView\Default
2026-08-29 15:15:24.452: [INFO] MostRecentlyActiveProfile: name=Profilo 1 path=C:\Users\ileab\Desktop\ile\Analisi_d\AnalisiDati\.metadata\.plugins\org.eclipse.swt\EBWebView\Default lastActive=2026-08-29T15:15:14.883Z
2026-08-29 15:15:24.452: [INFO] OnDoneLoading sync enabled: 0
2026-08-29 15:15:24.452: [INFO] BookmarkModelLoaded, ids_reassigned: 0
2026-08-29 15:15:24.452: [INFO] BookmarksLoadDropped droppedNodes=0
2026-08-29 15:15:24.452: [INFO] BookmarksSnapshot Startup total=0 bar=0 other=0 mobile=0 showBar=0 showBarNTP=1
2026-08-29 15:16:56.435: [INFO] BookmarksSnapshot Shutdown total=0 bar=0 other=0 mobile=0 showBar=0 showBarNTP=1
2026-08-29 15:17:27.005: [INFO] CurrentProfilePath: C:\Users\ileab\Desktop\ile\Analisi_d\AnalisiDati\.metadata\.plugins\org.eclipse.swt\EBWebView\Default
2026-08-29 15:17:27.005: [INFO] Profiles total count: 1
2026-08-29 15:17:27.005: [INFO] Profile: name=Profilo 1 path=C:\Users\ileab\Desktop\ile\Analisi_d\AnalisiDati\.metadata\.plugins\org.eclipse.swt\EBWebView\Default lastActive=2026-08-29T15:16:56.164Z
2026-08-29 15:17:27.005: [INFO] LastUsedProfileDir: C:\Users\ileab\Desktop\ile\Analisi_d\AnalisiDati\.metadata\.plugins\org.eclipse.swt\EBWebView\Default
2026-08-29 15:17:27.005: [INFO] MostRecentlyActiveProfile: name=Profilo 1 path=C:\Users\ileab\Desktop\ile\Analisi_d\AnalisiDati\.metadata\.plugins\org.eclipse.swt\EBWebView\Default lastActive=2026-08-29T15:16:56.164Z
2026-08-29 15:17:27.005: [INFO] OnDoneLoading sync enabled: 0
2026-08-29 15:17:27.005: [INFO] BookmarkModelLoaded, ids_reassigned: 0
2026-08-29 15:17:27.005: [INFO] BookmarksLoadDropped droppedNodes=0
2026-08-29 15:17:27.005: [INFO] BookmarksSnapshot Startup total=0 bar=0 other=0 mobile=0 showBar=0 showBarNTP=1
2026-08-29 15:25:05.740: [INFO] BookmarksSnapshot Shutdown total=0 bar=0 other=0 mobile=0 showBar=0 showBarNTP=1
2026-08-30 14:16:48.778: [INFO] CurrentProfilePath: C:\Users\ileab\Desktop\ile\Analisi_d\AnalisiDati\.metadata\.plugins\org.eclipse.swt\EBWebView\Default
2026-08-30 14:16:48.778: [INFO] Profiles total count: 1
2026-08-30 14:16:48.778: [INFO] Profile: name=Profilo 1 path=C:\Users\ileab\Desktop\ile\Analisi_d\AnalisiDati\.metadata\.plugins\org.eclipse.swt\EBWebView\Default lastActive=2026-08-29T15:16:56.164Z
2026-08-30 14:16:48.778: [INFO] LastUsedProfileDir: C:\Users\ileab\Desktop\ile\Analisi_d\AnalisiDati\.metadata\.plugins\org.eclipse.swt\EBWebView\Default
2026-08-30 14:16:48.778: [INFO] MostRecentlyActiveProfile: name=Profilo 1 path=C:\Users\ileab\Desktop\ile\Analisi_d\AnalisiDati\.metadata\.plugins\org.eclipse.swt\EBWebView\Default lastActive=2026-08-29T15:16:56.164Z
2026-08-30 14:16:48.778: [INFO] OnDoneLoading sync enabled: 0
2026-08-30 14:16:48.778: [INFO] BookmarkModelLoaded, ids_reassigned: 0
2026-08-30 14:16:48.778: [INFO] BookmarksLoadDropped droppedNodes=0
2026-08-30 14:16:48.778: [INFO] BookmarksSnapshot Startup total=0 bar=0 other=0 mobile=0 showBar=0 showBarNTP=1
2026-08-30 14:17:15.983: [INFO] BookmarksSnapshot Shutdown total=0 bar=0 other=0 mobile=0 showBar=0 showBarNTP=1
2026-08-30 14:27:42.782: [INFO] CurrentProfilePath: C:\Users\ileab\Desktop\ile\Analisi_d\AnalisiDati\.metadata\.plugins\org.eclipse.swt\EBWebView\Default
2026-08-30 14:27:42.782: [INFO] Profiles total count: 1
2026-08-30 14:27:42.782: [INFO] Profile: name=Profilo 1 path=C:\Users\ileab\Desktop\ile\Analisi_d\AnalisiDati\.metadata\.plugins\org.eclipse.swt\EBWebView\Default lastActive=2026-08-30T14:17:15.725Z
2026-08-30 14:27:42.782: [INFO] LastUsedProfileDir: C:\Users\ileab\Desktop\ile\Analisi_d\AnalisiDati\.metadata\.plugins\org.eclipse.swt\EBWebView\Default
2026-08-30 14:27:42.782: [INFO] MostRecentlyActiveProfile: name=Profilo 1 path=C:\Users\ileab\Desktop\ile\Analisi_d\AnalisiDati\.metadata\.plugins\org.eclipse.swt\EBWebView\Default lastActive=2026-08-30T14:17:15.725Z
2026-08-30 14:27:42.782: [INFO] OnDoneLoading sync enabled: 0
2026-08-30 14:27:42.782: [INFO] BookmarkModelLoaded, ids_reassigned: 0
2026-08-30 14:27:42.782: [INFO] BookmarksLoadDropped droppedNodes=0
2026-08-30 14:27:42.782: [INFO] BookmarksSnapshot Startup total=0 bar=0 other=0 mobile=0 showBar=0 showBarNTP=1
2026-08-30 14:27:59.983: [INFO] BookmarksSnapshot Shutdown total=0 bar=0 other=0 mobile=0 showBar=0 showBarNTP=1
2026-08-30 14:35:13.053: [INFO] CurrentProfilePath: C:\Users\ileab\Desktop\ile\Analisi_d\AnalisiDati\.metadata\.plugins\org.eclipse.swt\EBWebView\Default
2026-08-30 14:35:13.053: [INFO] Profiles total count: 1
2026-08-30 14:35:13.053: [INFO] Profile: name=Profilo 1 path=C:\Users\ileab\Desktop\ile\Analisi_d\AnalisiDati\.metadata\.plugins\org.eclipse.swt\EBWebView\Default lastActive=2026-08-30T14:27:59.663Z
2026-08-30 14:35:13.053: [INFO] LastUsedProfileDir: C:\Users\ileab\Desktop\ile\Analisi_d\AnalisiDati\.metadata\.plugins\org.eclipse.swt\EBWebView\Default
2026-08-30 14:35:13.053: [INFO] MostRecentlyActiveProfile: name=Profilo 1 path=C:\Users\ileab\Desktop\ile\Analisi_d\AnalisiDati\.metadata\.plugins\org.eclipse.swt\EBWebView\Default lastActive=2026-08-30T14:27:59.663Z
2026-08-30 14:35:13.053: [INFO] OnDoneLoading sync enabled: 0
2026-08-30 14:35:13.053: [INFO] BookmarkModelLoaded, ids_reassigned: 0
2026-08-30 14:35:13.053: [INFO] BookmarksLoadDropped droppedNodes=0
2026-08-30 14:35:13.053: [INFO] BookmarksSnapshot Startup total=0 bar=0 other=0 mobile=0 showBar=0 showBarNTP=1
2026-08-30 14:55:21.279: [INFO] BookmarksSnapshot Shutdown total=0 bar=0 other=0 mobile=0 showBar=0 showBarNTP=1
